
> web-admin@1.0.0 build
> vite build

vite v6.4.3 building for production...
transforming...
node_modules/@vueuse/core/dist/index.js (3362:0): A comment

"/* #__PURE__ */"

in "node_modules/@vueuse/core/dist/index.js" contains an annotation that Rollup cannot interpret due to the position of the comment. The comment will be removed to avoid issues.
node_modules/@vueuse/core/dist/index.js (5780:22): A comment

"/* #__PURE__ */"

in "node_modules/@vueuse/core/dist/index.js" contains an annotation that Rollup cannot interpret due to the position of the comment. The comment will be removed to avoid issues.
✓ 2378 modules transformed.
rendering chunks...
computing gzip size...
dist/index.html                                      1.16 kB │ gzip:   0.59 kB
dist/assets/ReportList-cgYqSTD-.css                  1.10 kB │ gzip:   0.41 kB
dist/assets/UserList-DjE_fcFx.css                    1.12 kB │ gzip:   0.42 kB
dist/assets/AiLogs-CQivVU3j.css                      1.12 kB │ gzip:   0.42 kB
dist/assets/NoticeManage-BCNx1t9X.css                1.14 kB │ gzip:   0.41 kB
dist/assets/AdminList-BAEyt5EF.css                   1.14 kB │ gzip:   0.42 kB
dist/assets/NoticeEdit-70aLjD_n.css                  1.52 kB │ gzip:   0.48 kB
dist/assets/WtPageHeader-D12yAibT.css                1.73 kB │ gzip:   0.60 kB
dist/assets/SystemConfig-C0S2ep99.css                1.76 kB │ gzip:   0.56 kB
dist/assets/AiConfig-B8p5S2kN.css                    2.07 kB │ gzip:   0.62 kB
dist/assets/ContentManage-DU1R1Qo1.css               2.17 kB │ gzip:   0.68 kB
dist/assets/Login-CwKZbQsA.css                       3.87 kB │ gzip:   1.16 kB
dist/assets/AdminLayout-CPJOaD3i.css                 6.06 kB │ gzip:   1.45 kB
dist/assets/Dashboard-BZl5H8at.css                   6.80 kB │ gzip:   1.47 kB
dist/assets/AuditModule-CdHDT4Og.css                 7.53 kB │ gzip:   1.70 kB
dist/assets/AiContentAudit-BFAwzGVB.css              8.34 kB │ gzip:   1.83 kB
dist/assets/index-DjjyPThf.css                     371.59 kB │ gzip:  50.92 kB
dist/assets/audit-BaMsXP4R.js                        0.32 kB │ gzip:   0.20 kB
dist/assets/stats-Bk0pDC_t.js                        0.33 kB │ gzip:   0.18 kB
dist/assets/aiConfig-CdehXUJl.js                     0.40 kB │ gzip:   0.22 kB
dist/assets/user-Dci0FoR5.js                         0.43 kB │ gzip:   0.23 kB
dist/assets/notice-ByljHeej.js                       0.45 kB │ gzip:   0.23 kB
dist/assets/admin-CaXpm2Fw.js                        0.67 kB │ gzip:   0.35 kB
dist/assets/WtPageHeader-CaT-IQlO.js                 0.73 kB │ gzip:   0.44 kB
dist/assets/date-CHpJ_E-k.js                         1.48 kB │ gzip:   0.83 kB
dist/assets/NoticeManage-DSWlwfPg.js                 3.05 kB │ gzip:   1.54 kB
dist/assets/AiLogs-BcQAK9Ds.js                       3.35 kB │ gzip:   1.63 kB
dist/assets/UserList-CwArV2x_.js                     3.60 kB │ gzip:   1.77 kB
dist/assets/Login-DWFq0JAj.js                        3.97 kB │ gzip:   1.93 kB
dist/assets/AdminList-BbZ8Y7P0.js                    4.05 kB │ gzip:   1.80 kB
dist/assets/SystemConfig-KMfjtHyi.js                 4.76 kB │ gzip:   2.10 kB
dist/assets/ReportList-BedcehQu.js                   4.99 kB │ gzip:   2.17 kB
dist/assets/AiConfig-BgNylhhk.js                     5.98 kB │ gzip:   2.43 kB
dist/assets/ContentManage-CnNnFqM0.js                6.73 kB │ gzip:   2.74 kB
dist/assets/Dashboard-CE4XkOjT.js                    8.03 kB │ gzip:   3.66 kB
dist/assets/AuditModule-BSM3JmTm.js                  8.66 kB │ gzip:   3.75 kB
dist/assets/AdminLayout-DaB4fIAK.js                  9.27 kB │ gzip:   3.94 kB
dist/assets/AiContentAudit-CAsUINeu.js               9.81 kB │ gzip:   3.82 kB
dist/assets/index-hme7aB9M.js                       10.83 kB │ gzip:   4.53 kB
dist/assets/_plugin-vue_export-helper-DLn5-qhQ.js   50.00 kB │ gzip:  19.13 kB
dist/assets/NoticeEdit-DI9lgsE4.js                 107.10 kB │ gzip:  48.06 kB
dist/assets/vendor-vue-Cbdsiqr4.js                 110.46 kB │ gzip:  43.11 kB
dist/assets/vendor-chart-DinCRnQY.js               555.04 kB │ gzip: 190.19 kB
dist/assets/vendor-element-ZhEX1Ow5.js             925.40 kB │ gzip: 299.22 kB

(!) Some chunks are larger than 500 kB after minification. Consider:
- Using dynamic import() to code-split the application
- Use build.rollupOptions.output.manualChunks to improve chunking: https://rollupjs.org/configuration-options/#output-manualchunks
- Adjust chunk size limit for this warning via build.chunkSizeWarningLimit.
✓ built in 9.36s
