#0 building with "desktop-linux" instance using docker driver

#1 [internal] load build definition from Dockerfile.admin
#1 transferring dockerfile: 578B done
#1 DONE 0.0s

#2 [internal] load metadata for docker.io/library/node:20-alpine
#2 DONE 0.1s

#3 [internal] load metadata for docker.io/library/nginx:1.27-alpine
#3 DONE 0.1s

#4 [internal] load .dockerignore
#4 transferring context: 219B done
#4 DONE 0.0s

#5 [internal] load build context
#5 DONE 0.0s

#6 [build 1/6] FROM docker.io/library/node:20-alpine@sha256:fb4cd12c85ee03686f6af5362a0b0d56d50c58a04632e6c0fb8363f609372293
#6 resolve docker.io/library/node:20-alpine@sha256:fb4cd12c85ee03686f6af5362a0b0d56d50c58a04632e6c0fb8363f609372293 0.1s done
#6 DONE 0.1s

#7 [stage-1 1/4] FROM docker.io/library/nginx:1.27-alpine@sha256:65645c7bb6a0661892a8b03b89d0743208a18dd2f3f17a54ef4b76fb8e2f2a10
#7 resolve docker.io/library/nginx:1.27-alpine@sha256:65645c7bb6a0661892a8b03b89d0743208a18dd2f3f17a54ef4b76fb8e2f2a10 0.1s done
#7 CACHED

#5 [internal] load build context
#5 transferring context: 27.87kB 0.0s done
#5 DONE 0.1s

#8 [stage-1 2/4] RUN mkdir -p /usr/share/nginx/html && echo "{"version":"tongpin-qa-fixes-20260929"}" > /usr/share/nginx/html/version.json
#8 ...

#9 [build 2/6] WORKDIR /app
#9 CACHED

#10 [build 3/6] COPY web/frontend/admin/package*.json ./
#10 CACHED

#11 [build 4/6] RUN npm ci
#11 CACHED

#12 [build 5/6] COPY web/frontend/admin/ ./
#12 DONE 0.2s

#8 [stage-1 2/4] RUN mkdir -p /usr/share/nginx/html && echo "{"version":"tongpin-qa-fixes-20260929"}" > /usr/share/nginx/html/version.json
#8 DONE 0.8s

#13 [build 6/6] RUN npm run build
#13 ...

#14 [stage-1 3/4] COPY docker/nginx/admin.conf /etc/nginx/conf.d/default.conf
#14 DONE 0.2s

#13 [build 6/6] RUN npm run build
#13 1.018
#13 1.018 > web-admin@1.0.0 build
#13 1.018 > vite build
#13 1.018
#13 1.527 vite v6.4.3 building for production...
#13 1.733 transforming...
#13 4.001 node_modules/@vueuse/core/dist/index.js (3362:0): A comment
#13 4.001
#13 4.001 "/* #__PURE__ */"
#13 4.001
#13 4.001 in "node_modules/@vueuse/core/dist/index.js" contains an annotation that Rollup cannot interpret due to the position of the comment. The comment will be removed to avoid issues.
#13 4.006 node_modules/@vueuse/core/dist/index.js (5780:22): A comment
#13 4.006
#13 4.006 "/* #__PURE__ */"
#13 4.006
#13 4.006 in "node_modules/@vueuse/core/dist/index.js" contains an annotation that Rollup cannot interpret due to the position of the comment. The comment will be removed to avoid issues.
#13 12.71 ✓ 2378 modules transformed.
#13 13.32 rendering chunks...
#13 13.65 computing gzip size...
#13 13.69 dist/index.html                                      1.16 kB │ gzip:   0.59 kB
#13 13.69 dist/assets/ReportList-cgYqSTD-.css                  1.10 kB │ gzip:   0.41 kB
#13 13.69 dist/assets/UserList-DjE_fcFx.css                    1.12 kB │ gzip:   0.42 kB
#13 13.69 dist/assets/AiLogs-CQivVU3j.css                      1.12 kB │ gzip:   0.42 kB
#13 13.69 dist/assets/NoticeManage-BCNx1t9X.css                1.14 kB │ gzip:   0.41 kB
#13 13.69 dist/assets/AdminList-BAEyt5EF.css                   1.14 kB │ gzip:   0.42 kB
#13 13.69 dist/assets/NoticeEdit-70aLjD_n.css                  1.52 kB │ gzip:   0.48 kB
#13 13.69 dist/assets/WtPageHeader-D12yAibT.css                1.73 kB │ gzip:   0.60 kB
#13 13.69 dist/assets/SystemConfig-C0S2ep99.css                1.76 kB │ gzip:   0.56 kB
#13 13.69 dist/assets/AiConfig-B8p5S2kN.css                    2.07 kB │ gzip:   0.62 kB
#13 13.69 dist/assets/ContentManage-DU1R1Qo1.css               2.17 kB │ gzip:   0.68 kB
#13 13.69 dist/assets/Login-CwKZbQsA.css                       3.87 kB │ gzip:   1.16 kB
#13 13.69 dist/assets/AdminLayout-CPJOaD3i.css                 6.06 kB │ gzip:   1.45 kB
#13 13.69 dist/assets/Dashboard-BZl5H8at.css                   6.80 kB │ gzip:   1.47 kB
#13 13.69 dist/assets/AuditModule-CdHDT4Og.css                 7.53 kB │ gzip:   1.70 kB
#13 13.69 dist/assets/AiContentAudit-BFAwzGVB.css              8.34 kB │ gzip:   1.83 kB
#13 13.69 dist/assets/index-DjjyPThf.css                     371.59 kB │ gzip:  50.92 kB
#13 13.69 dist/assets/audit-BaMsXP4R.js                        0.32 kB │ gzip:   0.20 kB
#13 13.69 dist/assets/stats-Bk0pDC_t.js                        0.33 kB │ gzip:   0.18 kB
#13 13.69 dist/assets/aiConfig-CdehXUJl.js                     0.40 kB │ gzip:   0.22 kB
#13 13.69 dist/assets/user-Dci0FoR5.js                         0.43 kB │ gzip:   0.23 kB
#13 13.69 dist/assets/notice-ByljHeej.js                       0.45 kB │ gzip:   0.23 kB
#13 13.69 dist/assets/admin-CaXpm2Fw.js                        0.67 kB │ gzip:   0.35 kB
#13 13.70 dist/assets/WtPageHeader-CaT-IQlO.js                 0.73 kB │ gzip:   0.44 kB
#13 13.70 dist/assets/date-CHpJ_E-k.js                         1.48 kB │ gzip:   0.83 kB
#13 13.70 dist/assets/NoticeManage-DSWlwfPg.js                 3.05 kB │ gzip:   1.54 kB
#13 13.70 dist/assets/AiLogs-BcQAK9Ds.js                       3.35 kB │ gzip:   1.63 kB
#13 13.70 dist/assets/UserList-CwArV2x_.js                     3.60 kB │ gzip:   1.77 kB
#13 13.70 dist/assets/Login-DWFq0JAj.js                        3.97 kB │ gzip:   1.93 kB
#13 13.70 dist/assets/AdminList-BbZ8Y7P0.js                    4.05 kB │ gzip:   1.80 kB
#13 13.70 dist/assets/SystemConfig-KMfjtHyi.js                 4.76 kB │ gzip:   2.10 kB
#13 13.70 dist/assets/ReportList-BedcehQu.js                   4.99 kB │ gzip:   2.17 kB
#13 13.70 dist/assets/AiConfig-BgNylhhk.js                     5.98 kB │ gzip:   2.43 kB
#13 13.70 dist/assets/ContentManage-CnNnFqM0.js                6.73 kB │ gzip:   2.74 kB
#13 13.70 dist/assets/Dashboard-CE4XkOjT.js                    8.03 kB │ gzip:   3.66 kB
#13 13.70 dist/assets/AuditModule-BSM3JmTm.js                  8.66 kB │ gzip:   3.75 kB
#13 13.70 dist/assets/AdminLayout-DaB4fIAK.js                  9.27 kB │ gzip:   3.94 kB
#13 13.70 dist/assets/AiContentAudit-CAsUINeu.js               9.81 kB │ gzip:   3.82 kB
#13 13.70 dist/assets/index-hme7aB9M.js                       10.83 kB │ gzip:   4.53 kB
#13 13.70 dist/assets/_plugin-vue_export-helper-DLn5-qhQ.js   50.00 kB │ gzip:  19.13 kB
#13 13.70 dist/assets/NoticeEdit-DI9lgsE4.js                 107.10 kB │ gzip:  48.06 kB
#13 13.70 dist/assets/vendor-vue-Cbdsiqr4.js                 110.46 kB │ gzip:  43.11 kB
#13 13.70 dist/assets/vendor-chart-DinCRnQY.js               555.04 kB │ gzip: 190.19 kB
#13 13.70 dist/assets/vendor-element-ZhEX1Ow5.js             925.40 kB │ gzip: 299.22 kB
#13 13.70
#13 13.70 (!) Some chunks are larger than 500 kB after minification. Consider:
#13 13.70 - Using dynamic import() to code-split the application
#13 13.70 - Use build.rollupOptions.output.manualChunks to improve chunking: https://rollupjs.org/configuration-options/#output-manualchunks
#13 13.70 - Adjust chunk size limit for this warning via build.chunkSizeWarningLimit.
#13 13.70 ✓ built in 12.11s
#13 DONE 13.9s

#15 [stage-1 4/4] COPY --from=build /app/dist /usr/share/nginx/html/admin
#15 DONE 0.1s

#16 exporting to image
#16 exporting layers
#16 exporting layers 0.5s done
#16 exporting manifest sha256:fb8b80886421aefbe3b3fa45e7acae0928879f05f7addee95b605368b94b4265 0.1s done
#16 exporting config sha256:97edb77c2c800844d4b2b613f7ccc1a64d1e43a69bd016a37b2b67e911f9c908 0.1s done
#16 exporting attestation manifest sha256:0e1b54b77a003acccdbb64c962f2208fdac6bd0479e9ab0a861c7b59d8597f2e 0.1s done
#16 exporting manifest list sha256:c12707c869b373ff6bc91f2e9afff9a91b4e8a3f8fda53303f7bd1d06b9baeb5
#16 exporting manifest list sha256:c12707c869b373ff6bc91f2e9afff9a91b4e8a3f8fda53303f7bd1d06b9baeb5 0.1s done
#16 naming to docker.io/library/tongpin-ui-e2e-20260929032639-admin:latest 0.0s done
#16 unpacking to docker.io/library/tongpin-ui-e2e-20260929032639-admin:latest
#16 unpacking to docker.io/library/tongpin-ui-e2e-20260929032639-admin:latest 0.2s done
#16 DONE 1.2s
