
> web-student@1.0.0 build
> vite build

vite v6.4.3 building for production...
transforming...
node_modules/@vueuse/core/dist/index.js (3362:0): A comment

"/* #__PURE__ */"

in "node_modules/@vueuse/core/dist/index.js" contains an annotation that Rollup cannot interpret due to the position of the comment. The comment will be removed to avoid issues.
node_modules/@vueuse/core/dist/index.js (5780:22): A comment

"/* #__PURE__ */"

in "node_modules/@vueuse/core/dist/index.js" contains an annotation that Rollup cannot interpret due to the position of the comment. The comment will be removed to avoid issues.
✓ 2030 modules transformed.
rendering chunks...
computing gzip size...
dist/index.html                                      1.26 kB │ gzip:   0.70 kB
dist/assets/EmptyBox-BHlG1FEx.css                    0.12 kB │ gzip:   0.12 kB
dist/assets/WtAvatar-DBEeYGoI.css                    0.53 kB │ gzip:   0.29 kB
dist/assets/MySignup-D2KDMlXR.css                    0.62 kB │ gzip:   0.29 kB
dist/assets/UploadImg-DcpLHnzO.css                   0.78 kB │ gzip:   0.31 kB
dist/assets/MyAppointments-BLzZbotV.css              0.81 kB │ gzip:   0.32 kB
dist/assets/Detail-DghlXfUo.css                      0.94 kB │ gzip:   0.37 kB
dist/assets/Maintenance-CLFQ-dYa.css                 1.04 kB │ gzip:   0.46 kB
dist/assets/markdown-BfC0goYb.css                    1.31 kB │ gzip:   0.61 kB
dist/assets/List-DY6OGLJM.css                        1.41 kB │ gzip:   0.50 kB
dist/assets/ItemCard-tfs5Od-m.css                    1.61 kB │ gzip:   0.59 kB
dist/assets/WtPageHeader-D12yAibT.css                1.73 kB │ gzip:   0.60 kB
dist/assets/Publish-B2r81aGu.css                     1.76 kB │ gzip:   0.56 kB
dist/assets/Publish-DdkNVDme.css                     1.83 kB │ gzip:   0.58 kB
dist/assets/My-CZ635cwP.css                          1.83 kB │ gzip:   0.62 kB
dist/assets/Detail-CE4NBV_v.css                      1.84 kB │ gzip:   0.61 kB
dist/assets/AiAssistPanel-6Xay7bS8.css               1.87 kB │ gzip:   0.60 kB
dist/assets/Detail-BUF69Yt-.css                      2.25 kB │ gzip:   0.68 kB
dist/assets/List-DZdLs4uG.css                        2.26 kB │ gzip:   0.67 kB
dist/assets/ConversationList-T1lB87eF.css            2.33 kB │ gzip:   0.74 kB
dist/assets/Publish-Byi-v4GN.css                     2.45 kB │ gzip:   0.73 kB
dist/assets/CodeFix-hp8QpPMl.css                     2.47 kB │ gzip:   0.75 kB
dist/assets/Publish-B5yfEzCG.css                     2.56 kB │ gzip:   0.72 kB
dist/assets/Publish-CurO2E9a.css                     2.63 kB │ gzip:   0.73 kB
dist/assets/List-C28JymEX.css                        2.66 kB │ gzip:   0.76 kB
dist/assets/List-D-exJkdi.css                        2.67 kB │ gzip:   0.80 kB
dist/assets/Detail-BmQgGIak.css                      2.87 kB │ gzip:   0.76 kB
dist/assets/WtEventArt-CUKvKvLc.css                  3.23 kB │ gzip:   0.77 kB
dist/assets/Login-BazeM383.css                       3.32 kB │ gzip:   1.01 kB
dist/assets/Register-bANh0X4z.css                    3.34 kB │ gzip:   1.02 kB
dist/assets/SearchResults-hQlWc4Nu.css               3.48 kB │ gzip:   0.99 kB
dist/assets/List-BWs1ErBx.css                        3.52 kB │ gzip:   0.94 kB
dist/assets/MessageCenter-BaSbqioD.css               3.52 kB │ gzip:   1.01 kB
dist/assets/auth-D3UER4ge.css                        4.37 kB │ gzip:   1.26 kB
dist/assets/UserHome-DMFvMPRj.css                    4.75 kB │ gzip:   1.12 kB
dist/assets/ChatRoom-Cp2hzh7R.css                    5.15 kB │ gzip:   1.37 kB
dist/assets/Profile-ygcprjT7.css                     5.30 kB │ gzip:   1.22 kB
dist/assets/PostSquare-BySYHL9E.css                  6.52 kB │ gzip:   1.51 kB
dist/assets/List-C5XhHR8n.css                        9.42 kB │ gzip:   2.07 kB
dist/assets/Detail-BYKqWaW0.css                      9.51 kB │ gzip:   2.03 kB
dist/assets/Lobby-CHIU6ZzD.css                      15.02 kB │ gzip:   3.28 kB
dist/assets/ChatView-CJrq4YUF.css                   16.97 kB │ gzip:   3.32 kB
dist/assets/Campus3D-BxCnd60n.css                   18.57 kB │ gzip:   3.79 kB
dist/assets/Room-DZB2Bu1q.css                       18.67 kB │ gzip:   3.34 kB
dist/assets/WrongBook-C7xg80Wn.css                  19.56 kB │ gzip:   3.57 kB
dist/assets/MainLayout-BvHZWHJu.css                 21.00 kB │ gzip:   3.86 kB
dist/assets/Home-CKyvvL8O.css                       30.45 kB │ gzip:   5.21 kB
dist/assets/index-AEe9D7TJ.css                     373.48 kB │ gzip:  51.32 kB
dist/assets/_plugin-vue_export-helper-DlAUqK2U.js    0.09 kB │ gzip:   0.10 kB
dist/assets/report-NiGwY9XZ.js                       0.16 kB │ gzip:   0.14 kB
dist/assets/notice-BK0srtMo.js                       0.21 kB │ gzip:   0.16 kB
dist/assets/partner-KTBzZn-i.js                      0.24 kB │ gzip:   0.17 kB
dist/assets/favorite-CvvZnEx2.js                     0.30 kB │ gzip:   0.18 kB
dist/assets/startChat-Q56wyhLH.js                    0.39 kB │ gzip:   0.29 kB
dist/assets/list-state-BeDShK33.js                   0.41 kB │ gzip:   0.30 kB
dist/assets/post-D1GwHKGS.js                         0.45 kB │ gzip:   0.22 kB
dist/assets/user-BWQWhL-x.js                         0.46 kB │ gzip:   0.30 kB
dist/assets/qa-CYdrOOKz.js                           0.47 kB │ gzip:   0.24 kB
dist/assets/EmptyBox-DTkdtt0N.js                     0.52 kB │ gzip:   0.38 kB
dist/assets/chat-Ce9a8n9E.js                         0.55 kB │ gzip:   0.27 kB
dist/assets/user-CYndJ8yZ.js                         0.67 kB │ gzip:   0.31 kB
dist/assets/message-DWa4q-U7.js                      0.76 kB │ gzip:   0.39 kB
dist/assets/lostfound-DzE5QsJ5.js                    0.76 kB │ gzip:   0.30 kB
dist/assets/WtAvatar-Dnv9KMWH.js                     0.77 kB │ gzip:   0.51 kB
dist/assets/WtPageHeader-EJGxkNSn.js                 0.81 kB │ gzip:   0.45 kB
dist/assets/activity-D-Mn7Yof.js                     0.82 kB │ gzip:   0.33 kB
dist/assets/idle-DjQ5dkmg.js                         0.83 kB │ gzip:   0.32 kB
dist/assets/drawGuess-CaPu3og_.js                    0.97 kB │ gzip:   0.47 kB
dist/assets/Maintenance-BhHzPTXb.js                  0.99 kB │ gzip:   0.72 kB
dist/assets/wrong-DUqU4--x.js                        1.14 kB │ gzip:   0.36 kB
dist/assets/Detail-Odm8U8kM.js                       1.30 kB │ gzip:   0.81 kB
dist/assets/auth-D-6zqzy_.js                         1.54 kB │ gzip:   0.79 kB
dist/assets/UploadImg-DrjqbPNY.js                    1.67 kB │ gzip:   0.94 kB
dist/assets/content-assets-BD4iv5PA.js               1.75 kB │ gzip:   0.81 kB
dist/assets/My-ByXnygaZ.js                           1.87 kB │ gzip:   1.15 kB
dist/assets/ItemCard-CHHEUa0S.js                     1.89 kB │ gzip:   0.93 kB
dist/assets/List-AhAV0hAg.js                         2.12 kB │ gzip:   1.26 kB
dist/assets/ConversationList-CPrwdeXb.js             2.23 kB │ gzip:   1.34 kB
dist/assets/Publish-CpenNJZG.js                      2.46 kB │ gzip:   1.38 kB
dist/assets/date-ZI5eZsmK.js                         2.88 kB │ gzip:   1.47 kB
dist/assets/ai-CFO3xd4d.js                           2.99 kB │ gzip:   1.46 kB
dist/assets/List-DwVsxqI_.js                         3.15 kB │ gzip:   1.76 kB
dist/assets/Login-DOTZnLjn.js                        3.35 kB │ gzip:   1.72 kB
dist/assets/List-DNkxOKJb.js                         3.53 kB │ gzip:   1.95 kB
dist/assets/WtEventArt-BrSv9q2k.js                   3.62 kB │ gzip:   1.95 kB
dist/assets/List-C1pdxIL5.js                         3.64 kB │ gzip:   1.98 kB
dist/assets/List-B2zzGIMd.js                         4.06 kB │ gzip:   2.22 kB
dist/assets/Register-uJtGT9XA.js                     4.26 kB │ gzip:   2.02 kB
dist/assets/Detail-CIING5-g.js                       4.35 kB │ gzip:   2.10 kB
dist/assets/MessageCenter-Czgyi0Jj.js                4.57 kB │ gzip:   2.15 kB
dist/assets/Publish--1XF8CuC.js                      4.60 kB │ gzip:   2.19 kB
dist/assets/MyAppointments-YAnVIaBV.js               4.65 kB │ gzip:   2.13 kB
dist/assets/Publish-D1VzVd9a.js                      4.66 kB │ gzip:   2.13 kB
dist/assets/AiAssistPanel-i9jkObzn.js                4.68 kB │ gzip:   1.99 kB
dist/assets/SearchResults-BFQoZQzS.js                5.06 kB │ gzip:   2.42 kB
dist/assets/Publish-BHUi8c6T.js                      5.21 kB │ gzip:   2.55 kB
dist/assets/Publish-CnXnyxE_.js                      5.94 kB │ gzip:   2.75 kB
dist/assets/MySignup-CLtQ03X-.js                     6.42 kB │ gzip:   2.35 kB
dist/assets/ChatRoom-DY9kVw9U.js                     6.97 kB │ gzip:   3.23 kB
dist/assets/List-CMuWC7nb.js                         7.32 kB │ gzip:   3.41 kB
dist/assets/chat-gXUj1G-k.js                         8.32 kB │ gzip:   2.77 kB
dist/assets/Detail-huV0Zg6X.js                       9.08 kB │ gzip:   3.56 kB
dist/assets/UserHome-DJx0kobI.js                     9.15 kB │ gzip:   3.92 kB
dist/assets/Detail-Do1TF-Fv.js                      10.30 kB │ gzip:   4.07 kB
dist/assets/Profile-CbE9undc.js                     12.36 kB │ gzip:   4.29 kB
dist/assets/Lobby-C0ESbJGs.js                       12.40 kB │ gzip:   4.71 kB
dist/assets/PostSquare-B9enG_Oq.js                  12.71 kB │ gzip:   5.12 kB
dist/assets/ChatView-DGKgEL0v.js                    13.13 kB │ gzip:   5.66 kB
dist/assets/MainLayout-DkFLVEUm.js                  16.97 kB │ gzip:   5.82 kB
dist/assets/CodeFix-CNqW9TBw.js                     17.82 kB │ gzip:   7.03 kB
dist/assets/Home-Bfx2_P20.js                        18.87 kB │ gzip:   7.10 kB
dist/assets/Room-C1wvDcas.js                        24.41 kB │ gzip:   9.26 kB
dist/assets/markdown-BPyAwDX2.js                    36.49 kB │ gzip:   9.99 kB
dist/assets/Detail-7cap9MwP.js                      38.83 kB │ gzip:  15.36 kB
dist/assets/WrongBook-sZviQ9k-.js                   57.75 kB │ gzip:  19.91 kB
dist/assets/index-CIoIxMqG.js                       66.64 kB │ gzip:  25.83 kB
dist/assets/vendor-vue-fQGU6r0T.js                 112.19 kB │ gzip:  43.68 kB
dist/assets/vendor-markdown-BVO9pw2T.js            125.30 kB │ gzip:  54.77 kB
dist/assets/Campus3D-BdAhav6H.js                   515.72 kB │ gzip: 140.14 kB
dist/assets/vendor-element-BZV3wK7l.js             926.40 kB │ gzip: 299.58 kB

(!) Some chunks are larger than 500 kB after minification. Consider:
- Using dynamic import() to code-split the application
- Use build.rollupOptions.output.manualChunks to improve chunking: https://rollupjs.org/configuration-options/#output-manualchunks
- Adjust chunk size limit for this warning via build.chunkSizeWarningLimit.
✓ built in 7.98s
