
> web-student@1.0.0 test
> node --test src/**/*.test.mjs

(node:52228) [MODULE_TYPELESS_PACKAGE_JSON] Warning: Module type of file:///E:/work/%E6%AF%95%E4%B8%9A%E8%AE%BE%E8%AE%A1UI%E5%8E%9F%E5%9E%8B/Ai-campus/.worktrees/tongpin-ui-redesign/web/frontend/student/src/features/campus3d/campus-data.js is not specified and it doesn't parse as CommonJS.
Reparsing as ES module because module syntax was detected. This incurs a performance overhead.
To eliminate this warning, add "type": "module" to \\?\E:\work\毕业设计UI原型\Ai-campus\.worktrees\tongpin-ui-redesign\web\frontend\student\package.json.
(Use `node --trace-warnings ...` to show where the warning was created)
✔ all rooms reuse the student component records (9.5943ms)
✔ draw and guess is registered as an isolated student service room (0.1584ms)
✔ unauthenticated game room entry preserves its exact return target (0.6779ms)
✔ detail and private chat remain in room history and back preserves the detail target (60.9591ms)
✔ unauthenticated publishing retains its return target (0.7529ms)
✔ captures an ended canvas only for its drawer and keeps the source image (2.0119ms)
✔ converts a preserved data URL into an uploadable PNG blob (0.4815ms)
✔ rebuilds persisted pen and eraser strokes on a detached canvas (0.6747ms)
✔ rejects malformed, empty, and unrenderable stored strokes (0.2133ms)
✔ maps only unique pending artworks that are not already saved (0.3182ms)
✔ lobby skeleton animation is disabled for reduced-motion preferences (5.0033ms)
✔ draw guess API keeps REST requests under the module prefix (1.3161ms)
✔ snapshot upload uses the current room and round with multipart data (0.225ms)
✔ draw game socket uses its own endpoint and sends the one-time ticket only in the query (0.692ms)
✔ normalizes pointer coordinates and ignores zero-sized canvases (0.6693ms)
✔ limits strokes to the server cap while preserving the first and last points (1.1194ms)
✔ sends stroke fields in the flat shape accepted by the server (0.1474ms)
✔ parses only typed events and keeps reconnect delay bounded (1.7782ms)
✔ connects to the isolated room socket with a fresh one-time ticket (1.9566ms)
✔ forwards valid events and never sends through a non-open connection (0.9917ms)
✔ reconnects with a new ticket and user close cancels further reconnects (0.3805ms)
✔ invokes browser timer functions with the global receiver (0.2295ms)
✔ gallery binds to the image URL and title fields returned by the backend (1.0159ms)
✔ gallery opens data-URL artwork in an image preview instead of navigating to it (0.6818ms)
✔ 顶部搜索提供分类选择和明确搜索按钮 (0.9339ms)
✔ 分类搜索跳转到对应模块并携带关键词 (0.3572ms)
✔ 各分类页面从查询参数初始化关键词 (0.1622ms)
✔ 文本消息优先通过 WebSocket 发送 (0.585ms)
✔ Base64 图片消息通过 HTTP 发送以避免 WebSocket 大帧限制 (0.1045ms)
✔ 实时消息按服务端ID和clientMessageId去重并保持升序 (1.2079ms)
✔ 历史分页前插且不重复当前消息 (0.8807ms)
✔ 临时发送消息始终排列在服务端历史消息末尾 (1.3265ms)
✔ 未读事件只更新目标会话并重算总未读 (0.2793ms)
✔ 较旧未读事件不能覆盖同会话较新的服务端事件 (0.1091ms)
✔ 已读回执标记不大于最后已读ID的己方消息 (0.132ms)
✔ 乐观消息可确认或转为失败并保留重试数据 (0.138ms)
✔ 短票据连接地址使用当前协议与主机 (0.5889ms)
✔ 指数退避有上限并可注入抖动 (0.1558ms)
✔ 仅接受合法聊天事件JSON (0.5397ms)
✔ 请求ID连续生成且不重复 (0.7937ms)
✔ close while ticket pending ignores late resolve (4.2773ms)
✔ close while ticket pending ignores late reject (1.033ms)
✔ duplicate connect uses one pending ticket; failure retries while active (1.0245ms)
✔ previous attempt and socket callbacks cannot overwrite a new connection (1.3944ms)
✔ 真实 imageList 优先于模块回退图 (1.9069ms)
✔ 多图完整保留（不丢图） (1.0309ms)
✔ imageList 和 images 都为空时按模块返回回退图（WebP） (0.2206ms)
✔ 闲置无图按物品类别选择对应示意图 (0.1939ms)
✔ 闲置未知分类不伪造实物图（返回空，显示占位） (0.1863ms)
✔ itemImages 无图时返回兜底数组，且不伪造未知分类 (0.1737ms)
✔ isFallbackSrc 能识别示意图地址 (0.1506ms)
✔ 未知模块不伪造接口图片 (0.1128ms)
✔ normalizeImages 兼容 imageList 数组并过滤无效项 (1.1084ms)
✔ normalizeImages 保留数据库中的图片 Data URI (0.1297ms)
✔ normalizeImages 兼容 images JSON 数组字符串 (0.6071ms)
✔ normalizeImages 兼容 images 普通 URL 和逗号分隔字符串 (0.1656ms)
✔ firstValidImage 优先 imageList 的首张有效图，无有效图返回空字符串 (0.158ms)
✔ room list cache separates search queries and restores page and edited filters (1.8014ms)
✔ activity/List.vue: initial search preserves restored page, changed search resets it (1.0407ms)
✔ idle/List.vue: initial search preserves restored page, changed search resets it (0.9805ms)
✔ lostfound/List.vue: initial search preserves restored page, changed search resets it (0.7779ms)
✔ social/PostSquare.vue: initial search preserves restored page, changed search resets it (0.8628ms)
✔ notification destinations cover every business module (0.6975ms)
✔ audit notifications route to my-content pages instead of business detail (0.1213ms)
✔ missing identifiers fall back to the module list and unknown types stay in the inbox (0.0885ms)
✔ permission denied never expires the session (1.2706ms)
✔ session expiry and maintenance are recognized in HTTP and business responses (0.1728ms)
✔ 直接使用接口返回的签到字符串 (0.6424ms)
✔ 兼容对象形式的 qrContent 字段 (0.1282ms)
✔ 无有效签到内容时返回空字符串 (0.0891ms)
✔ campus 3d route is public and points to Campus3D (1.4154ms)
✔ room content stays inside the 3d page and has no duplicate 2d directory (3.8759ms)
✔ scene module exposes restore and destroy lifecycle hooks (1.6649ms)
✔ V2 首页使用摄影 Hero（校园蓝视觉） (0.6594ms)
✔ 首页快捷服务条提供四个校园服务入口 (0.249ms)
✔ 首页双栏布局：活动/闲置/动态 + 学习区/公告/日程 (0.1153ms)
✔ 活动区最多展示三条并使用 V2 EventArt 封面（有图时优先真实图片，缺图使用模块回退） (0.1319ms)
✔ 登录态学习卡展示待复习错题数并跳转错题本 (0.1078ms)
✔ 闲置详情页提供已完成预约的评价入口 (2.6077ms)
✔ 闲置详情页声明加载状态，避免 v-loading 引用未定义变量 (0.8666ms)
ℹ tests 80
ℹ suites 0
ℹ pass 80
ℹ fail 0
ℹ cancelled 0
ℹ skipped 0
ℹ todo 0
ℹ duration_ms 911.3649
