
> web-admin@1.0.0 build
> vite build

vite v6.4.3 building for production...
transforming...
node_modules/@vueuse/core/dist/index.js (3362:0): A comment

"/* #__PURE__ */"

in "node_modules/@vueuse/core/dist/index.js" contains an annotation that Rollup cannot interpret due to the position of the comment. The comment will be removed to avoid issues.
node_modules/@vueuse/core/dist/index.js (5780:22): A comment

"/* #__PURE__ */"

in "node_modules/@vueuse/core/dist/index.js" contains an annotation that Rollup cannot interpret due to the position of the comment. The comment will be removed to avoid issues.
✓ 2378 modules transformed.
rendering chunks...
computing gzip size...
dist/index.html                                      1.16 kB │ gzip:   0.59 kB
dist/assets/ReportList-cgYqSTD-.css                  1.10 kB │ gzip:   0.41 kB
dist/assets/UserList-IveTQtVd.css                    1.12 kB │ gzip:   0.42 kB
dist/assets/AiLogs-CQivVU3j.css                      1.12 kB │ gzip:   0.42 kB
dist/assets/NoticeManage-BCNx1t9X.css                1.14 kB │ gzip:   0.41 kB
dist/assets/AdminList-BAEyt5EF.css                   1.14 kB │ gzip:   0.42 kB
dist/assets/NoticeEdit-70aLjD_n.css                  1.52 kB │ gzip:   0.48 kB
dist/assets/WtPageHeader-D12yAibT.css                1.73 kB │ gzip:   0.60 kB
dist/assets/SystemConfig-C0S2ep99.css                1.76 kB │ gzip:   0.56 kB
dist/assets/AiConfig-B8p5S2kN.css                    2.07 kB │ gzip:   0.62 kB
dist/assets/ContentManage-DU1R1Qo1.css               2.17 kB │ gzip:   0.68 kB
dist/assets/Login-CwKZbQsA.css                       3.87 kB │ gzip:   1.16 kB
dist/assets/AdminLayout-CPJOaD3i.css                 6.06 kB │ gzip:   1.45 kB
dist/assets/Dashboard-BZl5H8at.css                   6.80 kB │ gzip:   1.47 kB
dist/assets/AuditModule-DJoeysJn.css                 7.31 kB │ gzip:   1.65 kB
dist/assets/AiContentAudit-BFAwzGVB.css              8.34 kB │ gzip:   1.83 kB
dist/assets/index-DjjyPThf.css                     371.59 kB │ gzip:  50.92 kB
dist/assets/audit-l6O_N5Si.js                        0.32 kB │ gzip:   0.20 kB
dist/assets/stats-CqdOKO9T.js                        0.33 kB │ gzip:   0.18 kB
dist/assets/aiConfig-dsp4sHXY.js                     0.40 kB │ gzip:   0.22 kB
dist/assets/user-DZr3D7aF.js                         0.43 kB │ gzip:   0.23 kB
dist/assets/notice-gpwNS-tK.js                       0.45 kB │ gzip:   0.22 kB
dist/assets/admin-CaXpm2Fw.js                        0.67 kB │ gzip:   0.35 kB
dist/assets/WtPageHeader-CC-wZDa3.js                 0.73 kB │ gzip:   0.43 kB
dist/assets/date-CHpJ_E-k.js                         1.48 kB │ gzip:   0.83 kB
dist/assets/NoticeManage-DVfaN4t8.js                 3.05 kB │ gzip:   1.54 kB
dist/assets/AiLogs-CmAilWR4.js                       3.35 kB │ gzip:   1.63 kB
dist/assets/UserList-CsPqDfDU.js                     3.48 kB │ gzip:   1.71 kB
dist/assets/Login-DCRG95vr.js                        3.97 kB │ gzip:   1.93 kB
dist/assets/AdminList-Di7Jmj8Y.js                    4.05 kB │ gzip:   1.80 kB
dist/assets/SystemConfig-uelA-PVJ.js                 4.76 kB │ gzip:   2.10 kB
dist/assets/ReportList-OKO7btlP.js                   4.99 kB │ gzip:   2.17 kB
dist/assets/AiConfig-BZwY_rFp.js                     5.98 kB │ gzip:   2.43 kB
dist/assets/ContentManage-R8vifmCf.js                6.73 kB │ gzip:   2.74 kB
dist/assets/Dashboard-MGUMslU7.js                    8.03 kB │ gzip:   3.66 kB
dist/assets/AuditModule-BO7H6V0B.js                  8.66 kB │ gzip:   3.75 kB
dist/assets/AdminLayout-CeMjxXv0.js                  9.27 kB │ gzip:   3.94 kB
dist/assets/AiContentAudit-DvdChCwg.js               9.81 kB │ gzip:   3.82 kB
dist/assets/index-CvsTomdW.js                       10.83 kB │ gzip:   4.53 kB
dist/assets/_plugin-vue_export-helper-BGkpf8ue.js   50.00 kB │ gzip:  19.13 kB
dist/assets/NoticeEdit-C8aby9Kh.js                 107.10 kB │ gzip:  48.06 kB
dist/assets/vendor-vue-Cbdsiqr4.js                 110.46 kB │ gzip:  43.11 kB
dist/assets/vendor-chart-DinCRnQY.js               555.04 kB │ gzip: 190.19 kB
dist/assets/vendor-element-ZhEX1Ow5.js             925.40 kB │ gzip: 299.22 kB

(!) Some chunks are larger than 500 kB after minification. Consider:
- Using dynamic import() to code-split the application
- Use build.rollupOptions.output.manualChunks to improve chunking: https://rollupjs.org/configuration-options/#output-manualchunks
- Adjust chunk size limit for this warning via build.chunkSizeWarningLimit.
✓ built in 24.52s
