
> web-student@1.0.0 build
> vite build

vite v6.4.3 building for production...
transforming...
node_modules/@vueuse/core/dist/index.js (3362:0): A comment

"/* #__PURE__ */"

in "node_modules/@vueuse/core/dist/index.js" contains an annotation that Rollup cannot interpret due to the position of the comment. The comment will be removed to avoid issues.
node_modules/@vueuse/core/dist/index.js (5780:22): A comment

"/* #__PURE__ */"

in "node_modules/@vueuse/core/dist/index.js" contains an annotation that Rollup cannot interpret due to the position of the comment. The comment will be removed to avoid issues.
✓ 2027 modules transformed.
rendering chunks...
computing gzip size...
dist/index.html                                      1.26 kB │ gzip:   0.70 kB
dist/assets/EmptyBox-BHlG1FEx.css                    0.12 kB │ gzip:   0.12 kB
dist/assets/WtAvatar-DBEeYGoI.css                    0.53 kB │ gzip:   0.29 kB
dist/assets/MySignup-D2KDMlXR.css                    0.62 kB │ gzip:   0.29 kB
dist/assets/UploadImg-DcpLHnzO.css                   0.78 kB │ gzip:   0.31 kB
dist/assets/MyAppointments-BLzZbotV.css              0.81 kB │ gzip:   0.32 kB
dist/assets/Detail-DghlXfUo.css                      0.94 kB │ gzip:   0.37 kB
dist/assets/Maintenance-CLFQ-dYa.css                 1.04 kB │ gzip:   0.46 kB
dist/assets/markdown-BfC0goYb.css                    1.31 kB │ gzip:   0.61 kB
dist/assets/List-DY6OGLJM.css                        1.41 kB │ gzip:   0.50 kB
dist/assets/ItemCard-tfs5Od-m.css                    1.61 kB │ gzip:   0.59 kB
dist/assets/WtPageHeader-D12yAibT.css                1.73 kB │ gzip:   0.60 kB
dist/assets/Publish-B2r81aGu.css                     1.76 kB │ gzip:   0.56 kB
dist/assets/Publish-DdkNVDme.css                     1.83 kB │ gzip:   0.58 kB
dist/assets/My-CZ635cwP.css                          1.83 kB │ gzip:   0.62 kB
dist/assets/Detail-CE4NBV_v.css                      1.84 kB │ gzip:   0.61 kB
dist/assets/AiAssistPanel-6Xay7bS8.css               1.87 kB │ gzip:   0.60 kB
dist/assets/Detail-BUF69Yt-.css                      2.25 kB │ gzip:   0.68 kB
dist/assets/List-DZdLs4uG.css                        2.26 kB │ gzip:   0.67 kB
dist/assets/ConversationList-T1lB87eF.css            2.33 kB │ gzip:   0.74 kB
dist/assets/Publish-Byi-v4GN.css                     2.45 kB │ gzip:   0.73 kB
dist/assets/CodeFix-hp8QpPMl.css                     2.47 kB │ gzip:   0.75 kB
dist/assets/Publish-B5yfEzCG.css                     2.56 kB │ gzip:   0.72 kB
dist/assets/Publish-CurO2E9a.css                     2.63 kB │ gzip:   0.73 kB
dist/assets/List-C28JymEX.css                        2.66 kB │ gzip:   0.76 kB
dist/assets/List-D-exJkdi.css                        2.67 kB │ gzip:   0.80 kB
dist/assets/Detail-BmQgGIak.css                      2.87 kB │ gzip:   0.76 kB
dist/assets/MessageCenter-CWVVuQex.css               3.08 kB │ gzip:   0.88 kB
dist/assets/WtEventArt-CUKvKvLc.css                  3.23 kB │ gzip:   0.77 kB
dist/assets/Login-BazeM383.css                       3.32 kB │ gzip:   1.01 kB
dist/assets/Register-bANh0X4z.css                    3.34 kB │ gzip:   1.02 kB
dist/assets/List-BWs1ErBx.css                        3.52 kB │ gzip:   0.94 kB
dist/assets/auth-D3UER4ge.css                        4.37 kB │ gzip:   1.26 kB
dist/assets/SearchResults-DqOuVARf.css               4.55 kB │ gzip:   1.03 kB
dist/assets/UserHome-DMFvMPRj.css                    4.75 kB │ gzip:   1.12 kB
dist/assets/ChatRoom-z7jNqial.css                    4.82 kB │ gzip:   1.31 kB
dist/assets/Profile-CwqhJrc3.css                     5.30 kB │ gzip:   1.22 kB
dist/assets/PostSquare-FT5sF3Al.css                  6.52 kB │ gzip:   1.51 kB
dist/assets/List-C5XhHR8n.css                        9.42 kB │ gzip:   2.07 kB
dist/assets/Detail-CtkeiHUw.css                      9.51 kB │ gzip:   2.03 kB
dist/assets/ChatView-Dpr_85W9.css                   14.49 kB │ gzip:   2.94 kB
dist/assets/Lobby-CHIU6ZzD.css                      15.02 kB │ gzip:   3.28 kB
dist/assets/MainLayout-CgwVIXSN.css                 16.65 kB │ gzip:   3.32 kB
dist/assets/Campus3D-BxCnd60n.css                   18.57 kB │ gzip:   3.79 kB
dist/assets/Room-DZB2Bu1q.css                       18.67 kB │ gzip:   3.34 kB
dist/assets/WrongBook-CJ6gymuB.css                  19.56 kB │ gzip:   3.57 kB
dist/assets/Home-CKyvvL8O.css                       30.45 kB │ gzip:   5.21 kB
dist/assets/index-AEe9D7TJ.css                     373.48 kB │ gzip:  51.32 kB
dist/assets/_plugin-vue_export-helper-DlAUqK2U.js    0.09 kB │ gzip:   0.10 kB
dist/assets/report-BijsDCgO.js                       0.16 kB │ gzip:   0.14 kB
dist/assets/notice-CfKxY21N.js                       0.21 kB │ gzip:   0.16 kB
dist/assets/partner-DXvTTPel.js                      0.24 kB │ gzip:   0.17 kB
dist/assets/favorite-DKINU__4.js                     0.30 kB │ gzip:   0.18 kB
dist/assets/startChat-Bdebu8Ln.js                    0.39 kB │ gzip:   0.29 kB
dist/assets/list-state-BeDShK33.js                   0.41 kB │ gzip:   0.30 kB
dist/assets/post-CDzFLgRm.js                         0.45 kB │ gzip:   0.22 kB
dist/assets/user-Dt0uDSEo.js                         0.46 kB │ gzip:   0.30 kB
dist/assets/qa-5Ev7XeC_.js                           0.47 kB │ gzip:   0.24 kB
dist/assets/EmptyBox-DTkdtt0N.js                     0.52 kB │ gzip:   0.38 kB
dist/assets/chat-9lGrVTYL.js                         0.55 kB │ gzip:   0.26 kB
dist/assets/user-D6tECEtd.js                         0.67 kB │ gzip:   0.31 kB
dist/assets/message-CrvnSt2c.js                      0.76 kB │ gzip:   0.39 kB
dist/assets/lostfound-B9VdQ0D1.js                    0.76 kB │ gzip:   0.31 kB
dist/assets/WtAvatar-Dnv9KMWH.js                     0.77 kB │ gzip:   0.51 kB
dist/assets/WtPageHeader-EJGxkNSn.js                 0.81 kB │ gzip:   0.45 kB
dist/assets/activity-CPSX-3DE.js                     0.82 kB │ gzip:   0.33 kB
dist/assets/idle-kRGT_2AZ.js                         0.83 kB │ gzip:   0.32 kB
dist/assets/drawGuess-BGPeOZCK.js                    0.97 kB │ gzip:   0.47 kB
dist/assets/Maintenance-CsiiD4gu.js                  0.99 kB │ gzip:   0.72 kB
dist/assets/wrong-l4TCwhFK.js                        1.14 kB │ gzip:   0.36 kB
dist/assets/Detail-TTykY375.js                       1.30 kB │ gzip:   0.81 kB
dist/assets/auth-BTVrJs_T.js                         1.54 kB │ gzip:   0.79 kB
dist/assets/UploadImg-BOU2ecFW.js                    1.67 kB │ gzip:   0.94 kB
dist/assets/content-assets-BD4iv5PA.js               1.75 kB │ gzip:   0.81 kB
dist/assets/My-DT5R8S37.js                           1.87 kB │ gzip:   1.15 kB
dist/assets/ItemCard-CHHEUa0S.js                     1.89 kB │ gzip:   0.93 kB
dist/assets/List-B_ssTvia.js                         2.12 kB │ gzip:   1.26 kB
dist/assets/ConversationList-Cm15TfM0.js             2.23 kB │ gzip:   1.34 kB
dist/assets/Publish-C4qGC6wf.js                      2.46 kB │ gzip:   1.38 kB
dist/assets/date-ZI5eZsmK.js                         2.88 kB │ gzip:   1.47 kB
dist/assets/ai-CDc_6aof.js                           2.99 kB │ gzip:   1.46 kB
dist/assets/List-CfXHIlt8.js                         3.15 kB │ gzip:   1.76 kB
dist/assets/Login-CgH9kPI0.js                        3.35 kB │ gzip:   1.72 kB
dist/assets/List-1PJ0Bqkr.js                         3.53 kB │ gzip:   1.95 kB
dist/assets/WtEventArt-BrSv9q2k.js                   3.62 kB │ gzip:   1.95 kB
dist/assets/List-XCk_euEg.js                         3.64 kB │ gzip:   1.97 kB
dist/assets/SearchResults-CfjsaGU3.js                3.75 kB │ gzip:   1.85 kB
dist/assets/List-By1zbGqC.js                         4.06 kB │ gzip:   2.22 kB
dist/assets/Register-GHnaszbk.js                     4.26 kB │ gzip:   2.02 kB
dist/assets/Detail-D2BpAfXK.js                       4.35 kB │ gzip:   2.10 kB
dist/assets/MessageCenter-D_W6VJ1N.js                4.57 kB │ gzip:   2.15 kB
dist/assets/Publish-D-4Hnn43.js                      4.60 kB │ gzip:   2.18 kB
dist/assets/MyAppointments-BIFVqyHf.js               4.65 kB │ gzip:   2.13 kB
dist/assets/Publish-541Dzd5A.js                      4.66 kB │ gzip:   2.13 kB
dist/assets/AiAssistPanel-CTR39v5C.js                4.68 kB │ gzip:   1.99 kB
dist/assets/Publish-D53L98Rp.js                      5.21 kB │ gzip:   2.55 kB
dist/assets/Publish-DWNPPgV0.js                      5.94 kB │ gzip:   2.75 kB
dist/assets/MySignup-CuK6Sgs8.js                     6.42 kB │ gzip:   2.35 kB
dist/assets/ChatRoom-D2IawA7i.js                     6.97 kB │ gzip:   3.23 kB
dist/assets/List-B77kxd2p.js                         7.32 kB │ gzip:   3.40 kB
dist/assets/chat-BkRkvIMb.js                         8.32 kB │ gzip:   2.77 kB
dist/assets/Detail-CFSMGJaJ.js                       9.08 kB │ gzip:   3.55 kB
dist/assets/UserHome-BoY_QiSK.js                     9.15 kB │ gzip:   3.92 kB
dist/assets/Detail-OGRQQtG8.js                      10.30 kB │ gzip:   4.07 kB
dist/assets/Profile-DmdWx5ud.js                     12.34 kB │ gzip:   4.28 kB
dist/assets/Lobby-DlyTuWgq.js                       12.40 kB │ gzip:   4.71 kB
dist/assets/PostSquare-DLSMehoM.js                  12.68 kB │ gzip:   5.10 kB
dist/assets/ChatView-DohQXdcH.js                    12.96 kB │ gzip:   5.59 kB
dist/assets/MainLayout-D4bKyxiO.js                  16.89 kB │ gzip:   5.77 kB
dist/assets/CodeFix-B3Xib5cp.js                     17.82 kB │ gzip:   7.03 kB
dist/assets/Home-CJpa42h7.js                        18.87 kB │ gzip:   7.09 kB
dist/assets/Room-Bj5Rv8-z.js                        24.41 kB │ gzip:   9.26 kB
dist/assets/markdown-BPyAwDX2.js                    36.49 kB │ gzip:   9.99 kB
dist/assets/Detail-DNZbyE62.js                      38.81 kB │ gzip:  15.35 kB
dist/assets/WrongBook-BPLUapQV.js                   57.73 kB │ gzip:  19.90 kB
dist/assets/index-CvxAOGnD.js                       66.06 kB │ gzip:  25.58 kB
dist/assets/vendor-vue-fQGU6r0T.js                 112.19 kB │ gzip:  43.68 kB
dist/assets/vendor-markdown-BVO9pw2T.js            125.30 kB │ gzip:  54.77 kB
dist/assets/Campus3D-GmuBc0h5.js                   515.72 kB │ gzip: 140.14 kB
dist/assets/vendor-element-BZV3wK7l.js             926.40 kB │ gzip: 299.58 kB

(!) Some chunks are larger than 500 kB after minification. Consider:
- Using dynamic import() to code-split the application
- Use build.rollupOptions.output.manualChunks to improve chunking: https://rollupjs.org/configuration-options/#output-manualchunks
- Adjust chunk size limit for this warning via build.chunkSizeWarningLimit.
✓ built in 22.77s
